[36mko_preproc_indent.c[0m - [32mIsPreprocessorStatement[0m In "GlobalScope" from "None" line 1":
		<DEFINE=# define STUFF 1> <NEWLINE>
[36mko_preproc_indent.c[0m - [32mIsPreprocessorStatement[0m In "GlobalScope" from "None" line 2":
		<IFNDEF=#ifndef FOO> <NEWLINE>
[36mko_preproc_indent.c[0m - [32mIsPreprocessorStatement[0m In "GlobalScope" from "None" line 3":
		<DEFINE=#define FOO 2> <NEWLINE>
[36mko_preproc_indent.c[0m - [32mIsPreprocessorStatement[0m In "GlobalScope" from "None" line 4":
		<ENDIF=# endif> <NEWLINE>
[36mko_preproc_indent.c[0m - [32mIsPreprocessorStatement[0m In "GlobalScope" from "None" line 5":
		<DEFINE=#   define BAR 3> <NEWLINE>
ko_preproc_indent.c: Error!
Error: PREPROC_BAD_INDENT   (line:   1, col:   1):	Bad preprocessor indentation
Error: PREPROC_BAD_INDENT   (line:   3, col:   1):	Bad preprocessor indentation
Error: PREPROC_BAD_INDENT   (line:   4, col:   1):	Bad preprocessor indentation
Error: PREPROC_BAD_INDENT   (line:   5, col:   1):	Bad preprocessor indentation
