[36mtest_file_1019.c[0m - [32mIsFuncDeclaration[0m In "GlobalScope" from "None" line 1":
		<INT> <TAB> <IDENTIFIER=a> <LPARENTHESIS> <INT> <SPACE> <IDENTIFIER=a> <RPARENTHESIS> <NEWLINE>
[36mtest_file_1019.c[0m - [32mIsBlockStart[0m In "Function" from "GlobalScope" line 2":
		<LBRACE> <NEWLINE>
[36mtest_file_1019.c[0m - [32mIsExpressionStatement[0m In "Function" from "GlobalScope" line 3":
		<TAB> <RETURN> <SPACE> <LPARENTHESIS> <IDENTIFIER=a> <RPARENTHESIS> <SEMI_COLON> <NEWLINE>
[36mtest_file_1019.c[0m - [32mIsBlockEnd[0m In "Function" from "GlobalScope" line 4":
		<RBRACE> <NEWLINE>
[36mtest_file_1019.c[0m - [32mIsEmptyLine[0m In "GlobalScope" from "None" line 5":
		<NEWLINE>
[36mtest_file_1019.c[0m - [32mIsFuncDeclaration[0m In "GlobalScope" from "None" line 6":
		<INT> <TAB> <IDENTIFIER=main> <LPARENTHESIS> <VOID> <RPARENTHESIS> <NEWLINE>
[36mtest_file_1019.c[0m - [32mIsBlockStart[0m In "Function" from "GlobalScope" line 7":
		<LBRACE> <NEWLINE>
[36mtest_file_1019.c[0m - [32mIsExpressionStatement[0m In "Function" from "GlobalScope" line 8":
		<TAB> <RETURN> <SPACE> <IDENTIFIER=a> <LPARENTHESIS> <CONSTANT=0> <RPARENTHESIS> <SEMI_COLON> <NEWLINE>
[36mtest_file_1019.c[0m - [32mIsBlockEnd[0m In "Function" from "GlobalScope" line 9":
		<RBRACE> <NEWLINE>
[36mtest_file_1019.c[0m - [32mIsEmptyLine[0m In "GlobalScope" from "None" line 10":
		<NEWLINE>
[36mtest_file_1019.c[0m - [32mIsUserDefinedType[0m In "GlobalScope" from "None" line 11":
		<STRUCT> <SPACE> <IDENTIFIER=s_a> <NEWLINE>
[36mtest_file_1019.c[0m - [32mIsBlockStart[0m In "UserDefinedType" from "GlobalScope" line 12":
		<LBRACE> <NEWLINE>
[36mtest_file_1019.c[0m - [32mIsVarDeclaration[0m In "UserDefinedType" from "GlobalScope" line 13":
		<TAB> <CHAR> <TAB> <IDENTIFIER=jklsfdsk> <SEMI_COLON> <NEWLINE>
[36mtest_file_1019.c[0m - [32mIsUserDefinedType[0m In "UserDefinedType" from "GlobalScope" line 14":
		<TAB> <UNION> <NEWLINE>
[36mtest_file_1019.c[0m - [32mIsBlockStart[0m In "UserDefinedType" from "UserDefinedType" line 15":
		<TAB> <LBRACE> <NEWLINE>
[36mtest_file_1019.c[0m - [32mIsVarDeclaration[0m In "UserDefinedType" from "UserDefinedType" line 16":
		<TAB> <TAB> <INT> <TAB> <TAB> <IDENTIFIER=a> <SEMI_COLON> <NEWLINE>
[36mtest_file_1019.c[0m - [32mIsVarDeclaration[0m In "UserDefinedType" from "UserDefinedType" line 17":
		<TAB> <TAB> <CHAR> <TAB> <IDENTIFIER=b> <SEMI_COLON> <NEWLINE>
[36mtest_file_1019.c[0m - [32mIsBlockEnd[0m In "UserDefinedType" from "UserDefinedType" line 18":
		<TAB> <RBRACE> <SEMI_COLON> <NEWLINE>
[36mtest_file_1019.c[0m - [32mIsBlockEnd[0m In "UserDefinedType" from "GlobalScope" line 19":
		<RBRACE> <SEMI_COLON> <NEWLINE>
[36mtest_file_1019.c[0m - [32mIsEmptyLine[0m In "GlobalScope" from "None" line 20":
		<NEWLINE>
[36mtest_file_1019.c[0m - [32mIsFuncDeclaration[0m In "GlobalScope" from "None" line 21":
		<INT> <TAB> <IDENTIFIER=main> <LPARENTHESIS> <VOID> <RPARENTHESIS> <NEWLINE>
[36mtest_file_1019.c[0m - [32mIsBlockStart[0m In "Function" from "GlobalScope" line 22":
		<LBRACE> <NEWLINE>
[36mtest_file_1019.c[0m - [32mIsExpressionStatement[0m In "Function" from "GlobalScope" line 23":
		<TAB> <RETURN> <SPACE> <LPARENTHESIS> <CONSTANT=0> <RPARENTHESIS> <SEMI_COLON> <NEWLINE>
[36mtest_file_1019.c[0m - [32mIsBlockEnd[0m In "Function" from "GlobalScope" line 24":
		<RBRACE> <NEWLINE>
[36mtest_file_1019.c[0m - [32mIsEmptyLine[0m In "GlobalScope" from "None" line 25":
		<NEWLINE>
[36mtest_file_1019.c[0m - [32mIsFuncDeclaration[0m In "GlobalScope" from "None" line 26":
		<INT> <TAB> <IDENTIFIER=main> <LPARENTHESIS> <INT> <SPACE> <IDENTIFIER=argc> <COMMA> <SPACE> <CHAR> <SPACE> <MULT> <MULT> <IDENTIFIER=argv> <RPARENTHESIS> <NEWLINE>
[36mtest_file_1019.c[0m - [32mIsBlockStart[0m In "Function" from "GlobalScope" line 27":
		<LBRACE> <NEWLINE>
[36mtest_file_1019.c[0m - [32mIsVarDeclaration[0m In "Function" from "GlobalScope" line 28":
		<TAB> <INT> <TAB> <IDENTIFIER=BLEH> <SEMI_COLON> <NEWLINE>
[36mtest_file_1019.c[0m - [32mIsVarDeclaration[0m In "Function" from "GlobalScope" line 29":
		<TAB> <INT> <TAB> <IDENTIFIER=vla> <LBRACKET> <CONSTANT=2> <SPACE> <PLUS> <SPACE> <IDENTIFIER=BLEH> <SPACE> <PLUS> <SPACE> <CONSTANT=2> <RBRACKET> <SEMI_COLON> <NEWLINE>
[36mtest_file_1019.c[0m - [32mIsEmptyLine[0m In "Function" from "GlobalScope" line 30":
		<NEWLINE>
[36mtest_file_1019.c[0m - [32mIsExpressionStatement[0m In "Function" from "GlobalScope" line 31":
		<TAB> <LPARENTHESIS> <VOID> <RPARENTHESIS> <SPACE> <IDENTIFIER=argv> <SEMI_COLON> <NEWLINE>
[36mtest_file_1019.c[0m - [32mIsExpressionStatement[0m In "Function" from "GlobalScope" line 32":
		<TAB> <RETURN> <SPACE> <LPARENTHESIS> <CONSTANT=0> <RPARENTHESIS> <SEMI_COLON> <NEWLINE>
[36mtest_file_1019.c[0m - [32mIsBlockEnd[0m In "Function" from "GlobalScope" line 33":
		<RBRACE> <NEWLINE>
[36mtest_file_1019.c[0m - [32mIsEmptyLine[0m In "GlobalScope" from "None" line 34":
		<NEWLINE>
[36mtest_file_1019.c[0m - [32mIsCast[0m In "GlobalScope" from "None" line 35":
		<LPARENTHESIS> <VOID> <MULT_COMMENT=/* fkdslkdjfdsjl */> <RPARENTHESIS> <SPACE> <IDENTIFIER=argc> <SEMI_COLON> <NEWLINE>
[36mtest_file_1019.c[0m - [32mIsEmptyLine[0m In "GlobalScope" from "None" line 36":
		<NEWLINE>
[36mtest_file_1019.c[0m - [32mIsFuncDeclaration[0m In "GlobalScope" from "None" line 37":
		<INT> <TAB> <IDENTIFIER=main> <LPARENTHESIS> <VOID> <RPARENTHESIS> <NEWLINE>
[36mtest_file_1019.c[0m - [32mIsBlockStart[0m In "Function" from "GlobalScope" line 38":
		<LBRACE> <NEWLINE>
[36mtest_file_1019.c[0m - [32mIsVarDeclaration[0m In "Function" from "GlobalScope" line 39":
		<TAB> <INT> <TAB> <IDENTIFIER=a> <SEMI_COLON> <NEWLINE>
[36mtest_file_1019.c[0m - [32mIsEmptyLine[0m In "Function" from "GlobalScope" line 40":
		<NEWLINE>
[36mtest_file_1019.c[0m - [32mIsCast[0m In "Function" from "GlobalScope" line 41":
		<TAB> <LPARENTHESIS> <VOID> <MULT_COMMENT=/* fkdslkdjfdsjl */> <RPARENTHESIS> <SPACE> <IDENTIFIER=argc> <SEMI_COLON> <NEWLINE>
[36mtest_file_1019.c[0m - [32mIsCast[0m In "Function" from "GlobalScope" line 42":
		<TAB> <LPARENTHESIS> <VOID> <MULT_COMMENT=/* fkdslkdjfdsjl */> <RPARENTHESIS> <SPACE> <IDENTIFIER=argv> <SEMI_COLON> <NEWLINE>
[36mtest_file_1019.c[0m - [32mIsExpressionStatement[0m In "Function" from "GlobalScope" line 43":
		<TAB> <RETURN> <SPACE> <LPARENTHESIS> <CONSTANT=0> <RPARENTHESIS> <SEMI_COLON> <NEWLINE>
[36mtest_file_1019.c[0m - [32mIsBlockEnd[0m In "Function" from "GlobalScope" line 44":
		<RBRACE> <NEWLINE>
[36mtest_file_1019.c[0m - [32mIsEmptyLine[0m In "GlobalScope" from "None" line 45":
		<NEWLINE>
[36mtest_file_1019.c[0m - [32mIsFuncDeclaration[0m In "GlobalScope" from "None" line 46":
		<INT> <TAB> <IDENTIFIER=main> <LPARENTHESIS> <VOID> <RPARENTHESIS> <NEWLINE>
[36mtest_file_1019.c[0m - [32mIsBlockStart[0m In "Function" from "GlobalScope" line 47":
		<LBRACE> <NEWLINE>
[36mtest_file_1019.c[0m - [32mIsVarDeclaration[0m In "Function" from "GlobalScope" line 48":
		<TAB> <INT> <TAB> <IDENTIFIER=a> <SEMI_COLON> <NEWLINE>
[36mtest_file_1019.c[0m - [32mIsEmptyLine[0m In "Function" from "GlobalScope" line 49":
		<NEWLINE>
[36mtest_file_1019.c[0m - [32mIsExpressionStatement[0m In "Function" from "GlobalScope" line 50":
		<TAB> <GOTO> <SPACE> <IDENTIFIER=a> <SEMI_COLON> <NEWLINE>
[36mtest_file_1019.c[0m - [32mIsFunctionCall[0m In "Function" from "GlobalScope" line 51":
		<TAB> <IDENTIFIER=printf> <LPARENTHESIS> <STRING="meh"> <RPARENTHESIS> <SEMI_COLON> <NEWLINE>
[36mtest_file_1019.c[0m - [32mIsLabel[0m In "Function" from "GlobalScope" line 52":
		<TAB> <IDENTIFIER=a> <SPACE> <COLON> <SPACE> <IDENTIFIER=printf> <LPARENTHESIS> <STRING=":ah:"> <RPARENTHESIS> <SEMI_COLON> <NEWLINE>
[36mtest_file_1019.c[0m - [32mIsExpressionStatement[0m In "Function" from "GlobalScope" line 53":
		<TAB> <RETURN> <SPACE> <LPARENTHESIS> <CONSTANT=0> <RPARENTHESIS> <SEMI_COLON> <NEWLINE>
[36mtest_file_1019.c[0m - [32mIsBlockEnd[0m In "Function" from "GlobalScope" line 54":
		<RBRACE> <NEWLINE>
[36mtest_file_1019.c[0m - [32mIsEmptyLine[0m In "GlobalScope" from "None" line 55":
		<NEWLINE>
[36mtest_file_1019.c[0m - [32mIsFuncDeclaration[0m In "GlobalScope" from "None" line 56":
		<INT> <TAB> <IDENTIFIER=main> <LPARENTHESIS> <INT> <SPACE> <IDENTIFIER=argc> <COMMA> <SPACE> <CHAR> <SPACE> <MULT> <MULT> <IDENTIFIER=argv> <RPARENTHESIS> <NEWLINE>
[36mtest_file_1019.c[0m - [32mIsBlockStart[0m In "Function" from "GlobalScope" line 57":
		<LBRACE> <NEWLINE>
[36mtest_file_1019.c[0m - [32mIsVarDeclaration[0m In "Function" from "GlobalScope" line 58":
		<TAB> <CONST> <SPACE> <CHAR> <TAB> <MULT> <IDENTIFIER=a> <SEMI_COLON> <NEWLINE>
[36mtest_file_1019.c[0m - [32mIsEmptyLine[0m In "Function" from "GlobalScope" line 59":
		<NEWLINE>
[36mtest_file_1019.c[0m - [32mIsExpressionStatement[0m In "Function" from "GlobalScope" line 60":
		<TAB> <LPARENTHESIS> <VOID> <RPARENTHESIS> <SPACE> <IDENTIFIER=argc> <SEMI_COLON> <NEWLINE>
[36mtest_file_1019.c[0m - [32mIsExpressionStatement[0m In "Function" from "GlobalScope" line 61":
		<TAB> <LPARENTHESIS> <VOID> <RPARENTHESIS> <SPACE> <IDENTIFIER=argv> <SEMI_COLON> <NEWLINE>
[36mtest_file_1019.c[0m - [32mIsAssignation[0m In "Function" from "GlobalScope" line 62":
		<TAB> <IDENTIFIER=a> <SPACE> <ASSIGN> <SPACE> <STRING="kfldfksjldfkjskl"> <MULT_COMMENT=/* random comment */> <STRING="jlsfkdfjdsldf"> <SEMI_COLON> <NEWLINE>
[36mtest_file_1019.c[0m - [32mIsExpressionStatement[0m In "Function" from "GlobalScope" line 63":
		<TAB> <RETURN> <SPACE> <LPARENTHESIS> <CONSTANT=0> <RPARENTHESIS> <SEMI_COLON> <NEWLINE>
[36mtest_file_1019.c[0m - [32mIsBlockEnd[0m In "Function" from "GlobalScope" line 64":
		<RBRACE> <NEWLINE>
[36mtest_file_1019.c[0m - [32mIsEmptyLine[0m In "GlobalScope" from "None" line 65":
		<NEWLINE>
[36mtest_file_1019.c[0m - [32mIsFuncDeclaration[0m In "GlobalScope" from "None" line 66":
		<INT> <TAB> <IDENTIFIER=main> <LPARENTHESIS> <INT> <SPACE> <IDENTIFIER=argc> <COMMA> <SPACE> <CHAR> <SPACE> <MULT> <MULT> <IDENTIFIER=argv> <RPARENTHESIS> <NEWLINE>
[36mtest_file_1019.c[0m - [32mIsBlockStart[0m In "Function" from "GlobalScope" line 67":
		<LBRACE> <NEWLINE>
[36mtest_file_1019.c[0m - [32mIsExpressionStatement[0m In "Function" from "GlobalScope" line 68":
		<TAB> <LPARENTHESIS> <VOID> <RPARENTHESIS> <SPACE> <IDENTIFIER=argc> <SEMI_COLON> <NEWLINE>
[36mtest_file_1019.c[0m - [32mIsExpressionStatement[0m In "Function" from "GlobalScope" line 69":
		<TAB> <LPARENTHESIS> <VOID> <RPARENTHESIS> <SPACE> <IDENTIFIER=argv> <SEMI_COLON> <NEWLINE>
[36mtest_file_1019.c[0m - [32mIsExpressionStatement[0m In "Function" from "GlobalScope" line 70":
		<TAB> <RETURN> <SPACE> <LPARENTHESIS> <CONSTANT=0> <MULT_COMMENT=/* Hello world! */> <RPARENTHESIS> <SEMI_COLON> <NEWLINE>
[36mtest_file_1019.c[0m - [32mIsBlockEnd[0m In "Function" from "GlobalScope" line 71":
		<RBRACE> <NEWLINE>
[36mtest_file_1019.c[0m - [32mIsEmptyLine[0m In "GlobalScope" from "None" line 72":
		<NEWLINE>
[36mtest_file_1019.c[0m - [32mIsFuncDeclaration[0m In "GlobalScope" from "None" line 73":
		<INT> <TAB> <IDENTIFIER=main> <LPARENTHESIS> <VOID> <RPARENTHESIS> <TAB> <NEWLINE>
[36mtest_file_1019.c[0m - [32mIsBlockStart[0m In "Function" from "GlobalScope" line 74":
		<LBRACE> <NEWLINE>
[36mtest_file_1019.c[0m - [32mIsExpressionStatement[0m In "Function" from "GlobalScope" line 75":
		<TAB> <RETURN> <SPACE> <LPARENTHESIS> <CONSTANT=0> <RPARENTHESIS> <SEMI_COLON> <NEWLINE>
[36mtest_file_1019.c[0m - [32mIsBlockEnd[0m In "Function" from "GlobalScope" line 76":
		<RBRACE> <NEWLINE>
[36mtest_file_1019.c[0m - [32mIsEmptyLine[0m In "GlobalScope" from "None" line 77":
		<NEWLINE>
[36mtest_file_1019.c[0m - [32mIsFuncDeclaration[0m In "GlobalScope" from "None" line 78":
		<INT> <TAB> <IDENTIFIER=main> <LPARENTHESIS> <VOID> <RPARENTHESIS> <TAB> <NEWLINE>
[36mtest_file_1019.c[0m - [32mIsBlockStart[0m In "Function" from "GlobalScope" line 79":
		<LBRACE> <TAB> <NEWLINE>
[36mtest_file_1019.c[0m - [32mIsExpressionStatement[0m In "Function" from "GlobalScope" line 80":
		<TAB> <RETURN> <SPACE> <LPARENTHESIS> <CONSTANT=0> <RPARENTHESIS> <SEMI_COLON> <NEWLINE>
[36mtest_file_1019.c[0m - [32mIsBlockEnd[0m In "Function" from "GlobalScope" line 81":
		<RBRACE> <TAB> <NEWLINE>
test_file_1019.c: Error!
Error: RETURN_PARENTHESIS   (line:   8, col:  12):	Return value must be in parenthesis
Error: COMMENT_ON_INSTR     (line:  35, col:  25):	Comment must be on its own line
Error: WRONG_SCOPE_COMMENT  (line:  41, col:  10):	Comment is invalid in this scope
Error: COMMENT_ON_INSTR     (line:  41, col:  29):	Comment must be on its own line
Error: WRONG_SCOPE_COMMENT  (line:  42, col:  10):	Comment is invalid in this scope
Error: COMMENT_ON_INSTR     (line:  42, col:  29):	Comment must be on its own line
Error: TOO_MANY_FUNCS       (line:  46, col:   1):	Too many functions in file
Error: LABEL_FBIDDEN        (line:  52, col:   1):	Label statements are forbidden
Error: TOO_MANY_FUNCS       (line:  56, col:   1):	Too many functions in file
Error: WRONG_SCOPE_COMMENT  (line:  62, col:  27):	Comment is invalid in this scope
Error: COMMENT_ON_INSTR     (line:  62, col:  47):	Comment must be on its own line
Error: TOO_MANY_FUNCS       (line:  66, col:   1):	Too many functions in file
Error: WRONG_SCOPE_COMMENT  (line:  70, col:  14):	Comment is invalid in this scope
Error: COMMENT_ON_INSTR     (line:  70, col:  32):	Comment must be on its own line
Error: TOO_MANY_FUNCS       (line:  73, col:   1):	Too many functions in file
Error: SPC_BEFORE_NL        (line:  73, col:  17):	Space before newline
Error: TOO_MANY_FUNCS       (line:  78, col:   1):	Too many functions in file
Error: SPC_BEFORE_NL        (line:  78, col:  17):	Space before newline
