[36mtest_loop_inf.c[0m - [32mIsFuncDeclaration[0m In "GlobalScope" from "None" line 1":
		<VOID> <TAB> <IDENTIFIER=test> <LPARENTHESIS> <VOID> <RPARENTHESIS> <NEWLINE>
[36mtest_loop_inf.c[0m - [32mIsBlockStart[0m In "Function" from "GlobalScope" line 2":
		<LBRACE> <NEWLINE>
[36mtest_loop_inf.c[0m - [32mIsAssignation[0m In "Function" from "GlobalScope" line 3":
		<TAB> <IDENTIFIER=v> <SPACE> <ASSIGN> <SPACE> <IDENTIFIER=v> <LBRACKET> <CONSTANT=0> <RBRACKET> <SPACE> <MULT> <SPACE> <IDENTIFIER=v> <SEMI_COLON> <NEWLINE>
[36mtest_loop_inf.c[0m - [32mIsAssignation[0m In "Function" from "GlobalScope" line 4":
		<TAB> <IDENTIFIER=r> <LBRACKET> <CONSTANT=0> <RBRACKET> <LBRACKET> <CONSTANT=0> <RBRACKET> <SPACE> <ASSIGN> <SPACE> <IDENTIFIER=m1> <LBRACKET> <CONSTANT=0> <RBRACKET> <LBRACKET> <CONSTANT=0> <RBRACKET> <SPACE> <MULT> <SPACE> <IDENTIFIER=m2> <LBRACKET> <CONSTANT=0> <RBRACKET> <LBRACKET> <CONSTANT=0> <RBRACKET> <SPACE> <PLUS> <SPACE> <IDENTIFIER=m1> <LBRACKET> <CONSTANT=0> <RBRACKET> <LBRACKET> <CONSTANT=1> <RBRACKET> <SPACE> <MULT> <SPACE> <IDENTIFIER=m2> <LBRACKET> <CONSTANT=1> <RBRACKET> <LBRACKET> <CONSTANT=0> <RBRACKET> <SPACE> <PLUS> <SPACE> <IDENTIFIER=m1> <LBRACKET> <CONSTANT=0> <RBRACKET> <LBRACKET> <CONSTANT=2> <RBRACKET> <SPACE> <MULT> <SPACE> <IDENTIFIER=m2> <LBRACKET> <CONSTANT=2> <RBRACKET> <LBRACKET> <CONSTANT=0> <RBRACKET> <SEMI_COLON> <NEWLINE>
[36mtest_loop_inf.c[0m - [32mIsBlockEnd[0m In "Function" from "GlobalScope" line 5":
		<RBRACE> <NEWLINE>
test_loop_inf.c: OK!
